// Vitest Snapshot v1, https://vitest.dev/guide/snapshot.html

exports[`AreaChart > snapshot renders 1`] = `
<div
  style="width: 400px; height: 300px;"
>
  <div
    class="bg-white p-6 rounded-lg shadow-lg h-96 flex flex-col"
  >
    <div
      class="flex items-center justify-between mb-4"
    >
      <h3
        class="text-lg font-semibold text-gray-800 text-center flex-1"
      >
        Fruits
      </h3>
    </div>
    <div
      class="flex-grow"
    >
      <div
        class="recharts-responsive-container"
        style="width: 100%; height: 100%; min-width: 0;"
      >
        <div
          class="recharts-wrapper"
          style="position: relative; cursor: default; width: 100%; height: 100%; max-height: 300px; max-width: 400px;"
        >
          <svg
            class="recharts-surface"
            height="300"
            style="width: 100%; height: 100%;"
            viewBox="0 0 400 300"
            width="400"
          >
            <title />
            <desc />
            <defs>
              <clippath
                id="recharts1-clip"
              >
                <rect
                  height="245"
                  width="290"
                  x="80"
                  y="5"
                />
              </clippath>
            </defs>
            <defs>
              <lineargradient
                id="color-apples"
                x1="0"
                x2="0"
                y1="0"
                y2="1"
              >
                <stop
                  offset="5%"
                  stop-color="#00A3E0"
                  stop-opacity="0.6"
                />
                <stop
                  offset="95%"
                  stop-color="#00A3E0"
                  stop-opacity="0"
                />
              </lineargradient>
              <lineargradient
                id="color-bananas"
                x1="0"
                x2="0"
                y1="0"
                y2="1"
              >
                <stop
                  offset="5%"
                  stop-color="#D9262E"
                  stop-opacity="0.6"
                />
                <stop
                  offset="95%"
                  stop-color="#D9262E"
                  stop-opacity="0"
                />
              </lineargradient>
            </defs>
            <g
              class="recharts-cartesian-grid"
            >
              <g
                class="recharts-cartesian-grid-horizontal"
              >
                <line
                  fill="none"
                  height="245"
                  stroke="#ccc"
                  stroke-dasharray="3 3"
                  width="290"
                  x="80"
                  x1="80"
                  x2="370"
                  y="5"
                  y1="250"
                  y2="250"
                />
                <line
                  fill="none"
                  height="245"
                  stroke="#ccc"
                  stroke-dasharray="3 3"
                  width="290"
                  x="80"
                  x1="80"
                  x2="370"
                  y="5"
                  y1="188.75"
                  y2="188.75"
                />
                <line
                  fill="none"
                  height="245"
                  stroke="#ccc"
                  stroke-dasharray="3 3"
                  width="290"
                  x="80"
                  x1="80"
                  x2="370"
                  y="5"
                  y1="127.5"
                  y2="127.5"
                />
                <line
                  fill="none"
                  height="245"
                  stroke="#ccc"
                  stroke-dasharray="3 3"
                  width="290"
                  x="80"
                  x1="80"
                  x2="370"
                  y="5"
                  y1="66.25"
                  y2="66.25"
                />
                <line
                  fill="none"
                  height="245"
                  stroke="#ccc"
                  stroke-dasharray="3 3"
                  width="290"
                  x="80"
                  x1="80"
                  x2="370"
                  y="5"
                  y1="5"
                  y2="5"
                />
              </g>
            </g>
            <g
              class="recharts-layer recharts-cartesian-axis recharts-xAxis xAxis"
            >
              <line
                class="recharts-cartesian-axis-line"
                fill="none"
                height="30"
                orientation="bottom"
                stroke="#6B7280"
                width="290"
                x="80"
                x1="80"
                x2="370"
                y="250"
                y1="250"
                y2="250"
              />
              <g
                class="recharts-cartesian-axis-ticks"
              >
                <g
                  class="recharts-layer recharts-cartesian-axis-tick"
                >
                  <line
                    class="recharts-cartesian-axis-tick-line"
                    fill="none"
                    height="30"
                    orientation="bottom"
                    stroke="#6B7280"
                    width="290"
                    x="80"
                    x1="80"
                    x2="80"
                    y="250"
                    y1="256"
                    y2="250"
                  />
                  <text
                    class="recharts-text recharts-cartesian-axis-tick-value"
                    fill="#6B7280"
                    font-size="12"
                    height="30"
                    orientation="bottom"
                    stroke="none"
                    text-anchor="middle"
                    width="290"
                    x="80"
                    y="258"
                  >
                    <tspan
                      dy="0.71em"
                      x="80"
                    >
                      Jan
                    </tspan>
                  </text>
                </g>
                <g
                  class="recharts-layer recharts-cartesian-axis-tick"
                >
                  <line
                    class="recharts-cartesian-axis-tick-line"
                    fill="none"
                    height="30"
                    orientation="bottom"
                    stroke="#6B7280"
                    width="290"
                    x="80"
                    x1="370"
                    x2="370"
                    y="250"
                    y1="256"
                    y2="250"
                  />
                  <text
                    class="recharts-text recharts-cartesian-axis-tick-value"
                    fill="#6B7280"
                    font-size="12"
                    height="30"
                    orientation="bottom"
                    stroke="none"
                    text-anchor="middle"
                    width="290"
                    x="370"
                    y="258"
                  >
                    <tspan
                      dy="0.71em"
                      x="370"
                    >
                      Feb
                    </tspan>
                  </text>
                </g>
              </g>
              <text
                class="recharts-text recharts-label"
                fill="#6B7280"
                font-size="14"
                offset="-15"
                text-anchor="middle"
                x="225"
                y="295"
              >
                <tspan
                  dy="0em"
                  x="225"
                >
                  Month
                </tspan>
              </text>
            </g>
            <g
              class="recharts-layer recharts-cartesian-axis recharts-yAxis yAxis"
            >
              <line
                class="recharts-cartesian-axis-line"
                fill="none"
                height="245"
                orientation="left"
                stroke="#6B7280"
                width="60"
                x="20"
                x1="80"
                x2="80"
                y="5"
                y1="5"
                y2="250"
              />
              <g
                class="recharts-cartesian-axis-ticks"
              >
                <g
                  class="recharts-layer recharts-cartesian-axis-tick"
                >
                  <line
                    class="recharts-cartesian-axis-tick-line"
                    fill="none"
                    height="245"
                    orientation="left"
                    stroke="#6B7280"
                    width="60"
                    x="20"
                    x1="74"
                    x2="80"
                    y="5"
                    y1="250"
                    y2="250"
                  />
                  <text
                    class="recharts-text recharts-cartesian-axis-tick-value"
                    fill="#6B7280"
                    font-size="12"
                    height="245"
                    orientation="left"
                    stroke="none"
                    text-anchor="end"
                    width="60"
                    x="72"
                    y="250"
                  >
                    <tspan
                      dy="0.355em"
                      x="72"
                    >
                      R$Â 0
                    </tspan>
                  </text>
                </g>
                <g
                  class="recharts-layer recharts-cartesian-axis-tick"
                >
                  <line
                    class="recharts-cartesian-axis-tick-line"
                    fill="none"
                    height="245"
                    orientation="left"
                    stroke="#6B7280"
                    width="60"
                    x="20"
                    x1="74"
                    x2="80"
                    y="5"
                    y1="188.75"
                    y2="188.75"
                  />
                  <text
                    class="recharts-text recharts-cartesian-axis-tick-value"
                    fill="#6B7280"
                    font-size="12"
                    height="245"
                    orientation="left"
                    stroke="none"
                    text-anchor="end"
                    width="60"
                    x="72"
                    y="188.75"
                  >
                    <tspan
                      dy="0.355em"
                      x="72"
                    >
                      R$Â 65
                    </tspan>
                  </text>
                </g>
                <g
                  class="recharts-layer recharts-cartesian-axis-tick"
                >
                  <line
                    class="recharts-cartesian-axis-tick-line"
                    fill="none"
                    height="245"
                    orientation="left"
                    stroke="#6B7280"
                    width="60"
                    x="20"
                    x1="74"
                    x2="80"
                    y="5"
                    y1="127.5"
                    y2="127.5"
                  />
                  <text
                    class="recharts-text recharts-cartesian-axis-tick-value"
                    fill="#6B7280"
                    font-size="12"
                    height="245"
                    orientation="left"
                    stroke="none"
                    text-anchor="end"
                    width="60"
                    x="72"
                    y="127.5"
                  >
                    <tspan
                      dy="0.355em"
                      x="72"
                    >
                      R$Â 130
                    </tspan>
                  </text>
                </g>
                <g
                  class="recharts-layer recharts-cartesian-axis-tick"
                >
                  <line
                    class="recharts-cartesian-axis-tick-line"
                    fill="none"
                    height="245"
                    orientation="left"
                    stroke="#6B7280"
                    width="60"
                    x="20"
                    x1="74"
                    x2="80"
                    y="5"
                    y1="66.25"
                    y2="66.25"
                  />
                  <text
                    class="recharts-text recharts-cartesian-axis-tick-value"
                    fill="#6B7280"
                    font-size="12"
                    height="245"
                    orientation="left"
                    stroke="none"
                    text-anchor="end"
                    width="60"
                    x="72"
                    y="66.25"
                  >
                    <tspan
                      dy="0.355em"
                      x="72"
                    >
                      R$Â 195
                    </tspan>
                  </text>
                </g>
                <g
                  class="recharts-layer recharts-cartesian-axis-tick"
                >
                  <line
                    class="recharts-cartesian-axis-tick-line"
                    fill="none"
                    height="245"
                    orientation="left"
                    stroke="#6B7280"
                    width="60"
                    x="20"
                    x1="74"
                    x2="80"
                    y="5"
                    y1="5"
                    y2="5"
                  />
                  <text
                    class="recharts-text recharts-cartesian-axis-tick-value"
                    fill="#6B7280"
                    font-size="12"
                    height="245"
                    orientation="left"
                    stroke="none"
                    text-anchor="end"
                    width="60"
                    x="72"
                    y="5"
                  >
                    <tspan
                      dy="0.355em"
                      x="72"
                    >
                      R$Â 260
                    </tspan>
                  </text>
                </g>
              </g>
              <text
                class="recharts-text recharts-label"
                fill="#6B7280"
                font-size="14"
                offset="-5"
                style="text-anchor: middle;"
                text-anchor="start"
                transform="rotate(-90, 15, 127.5)"
                x="15"
                y="127.5"
              >
                <tspan
                  dy="0.355em"
                  x="15"
                >
                  Value
                </tspan>
              </text>
            </g>
            <g
              class="recharts-layer recharts-area"
            >
              <g
                class="recharts-layer"
              >
                <defs>
                  <clippath
                    id="animationClipPath-recharts-area-4"
                  >
                    <rect
                      height="252"
                      width="0"
                      x="80"
                      y="0"
                    />
                  </clippath>
                </defs>
                <g
                  class="recharts-layer"
                  clip-path="url(#animationClipPath-recharts-area-4)"
                >
                  <g
                    class="recharts-layer"
                  >
                    <path
                      class="recharts-curve recharts-area-area"
                      d="M80,155.7692307692308L370,108.65384615384617L370,250L80,250Z"
                      fill="url(#color-apples)"
                      fill-opacity="1"
                      height="245"
                      name="apples"
                      stroke="none"
                      stroke-width="2"
                      width="290"
                    />
                    <path
                      class="recharts-curve recharts-area-curve"
                      d="M80,155.7692307692308L370,108.65384615384617"
                      fill="none"
                      fill-opacity="1"
                      height="245"
                      name="apples"
                      stroke="#00A3E0"
                      stroke-width="2"
                      width="290"
                    />
                  </g>
                </g>
              </g>
            </g>
            <g
              class="recharts-layer recharts-area"
            >
              <g
                class="recharts-layer"
              >
                <defs>
                  <clippath
                    id="animationClipPath-recharts-area-5"
                  >
                    <rect
                      height="252"
                      width="0"
                      x="80"
                      y="0"
                    />
                  </clippath>
                </defs>
                <g
                  class="recharts-layer"
                  clip-path="url(#animationClipPath-recharts-area-5)"
                >
                  <g
                    class="recharts-layer"
                  >
                    <path
                      class="recharts-curve recharts-area-area"
                      d="M80,61.538461538461526L370,14.423076923076916L370,250L80,250Z"
                      fill="url(#color-bananas)"
                      fill-opacity="1"
                      height="245"
                      name="bananas"
                      stroke="none"
                      stroke-width="2"
                      width="290"
                    />
                    <path
                      class="recharts-curve recharts-area-curve"
                      d="M80,61.538461538461526L370,14.423076923076916"
                      fill="none"
                      fill-opacity="1"
                      height="245"
                      name="bananas"
                      stroke="#D9262E"
                      stroke-width="2"
                      width="290"
                    />
                  </g>
                </g>
              </g>
            </g>
          </svg>
          <div
            class="recharts-legend-wrapper"
            style="position: absolute; width: 350px; height: auto; left: 20px; bottom: 20px;"
          >
            <ul
              class="flex flex-wrap"
              style="list-style: none; margin: 0px; padding: 0px;"
            >
              <li
                class="flex items-center mr-4 cursor-move"
                data-testid="legend-item"
                draggable="true"
              >
                <span
                  class="mr-1"
                >
                  â°
                </span>
                <svg
                  class="mr-1"
                  height="10"
                  viewBox="0 0 32 32"
                  width="10"
                >
                  <rect
                    fill="#00A3E0"
                    height="32"
                    width="32"
                  />
                </svg>
                <span>
                  apples
                </span>
              </li>
              <li
                class="flex items-center mr-4 cursor-move"
                data-testid="legend-item"
                draggable="true"
              >
                <span
                  class="mr-1"
                >
                  â°
                </span>
                <svg
                  class="mr-1"
                  height="10"
                  viewBox="0 0 32 32"
                  width="10"
                >
                  <rect
                    fill="#D9262E"
                    height="32"
                    width="32"
                  />
                </svg>
                <span>
                  bananas
                </span>
              </li>
            </ul>
          </div>
          <div
            class="recharts-tooltip-wrapper"
            style="visibility: hidden; pointer-events: none; position: absolute; top: 0px; left: 0px;"
            tabindex="-1"
          />
        </div>
      </div>
    </div>
  </div>
</div>
`;
